// Jest Snapshot v1, https://goo.gl/fbAQLP

exports[`render should match the snapshot 1`] = `
<Styled(Input)
  onPressEnter={[Function]}
  placeholder="Search your entertainment..."
/>
`;
